bash-3.2$ echo -n
bash-3.2$ echo -n -n 
bash-3.2$ echo -n -n  hdjf
hdjfbash-3.2$ echo -n -an hdjf
-an hdjfbash-3.2$ echo -n -naaa hdjf
-naaa hdjfbash-3.2$ echo -n -n hdjf -n
hdjf -nbash-3.2$ echo -n "-n       a" hdjf -n
-n       a hdjf -nbash-3.2$ echo -n -n       a hdjf -n
a hdjf -nbash-3.2$ echo -n -----n       a hdjf -n
-----n a hdjf -nbash-3.2$ echo -n -nnnnnnnn       a hdjf -n
a hdjf -nbash-3.2$ echo -n -nnnnnnnna       a hdjf -n
-nnnnnnnna a hdjf -nbash-3.2$ echo ""

bash-3.2$ echo "-"
-
bash-3.2$ echo "-a"
-a
bash-3.2$ echo "-n"
bash-3.2$ echo "-na"
-na
bash-3.2$ echo "-n fj"
-n fj
bash-3.2$ echo "-n" fhkjsd
fhkjsdbash-3.2$ echo "-n " fhkjsd
-n  fhkjsd
bash-3.2$ echo "-n" -nfhkjsd
-nfhkjsdbash-3.2$ echo "-nnnnn" -nfhkjsd
-nfhkjsdbash-3.2$ echo "-nnn""nn" -nfhkjsd 
-nfhkjsdbash-3.2$ echo "-nnn" "nn" -nfhkjsd 
nn -nfhkjsdbash-3.2$ echo "-nnn""nn" -nfhkjsd 
-nfhkjsdba
bash-3.2$ echo -n -n"n" -n sk
skbash-3.2$ echo -n -n"n"a -n sk
-nna -n skbash-3.2$ echo -n -n"n" a -n sk
a -n skbash-3.2$ echo -n -n"n"  -n sk
skbash-3.2$ echo $HOME
/Users/msarda

|d
echo -nMnnnn -n h
echo "$'cdhs"$"USER
 echo "$'cdhs"





 -----


 Minishell$ echo "'cdhs"
'cdhs
Minishell$ echo "$'cdhs" // done
'cdhs
Minishell$ echo "$"cdhs"
Minishell : unexpected EOF while looking for matching `"'
Minishell$ echo "$"cdhs""
$cdhs
Minishell$ echo "$'cdhs"
'cdhs
Minishell$ echo "$'cdhs"$"USER"
'cdhs$USER
Minishell$ echo cda
cda
Minishell$ echo $USER$PATH'$PATH'UYS
msarda/Users/msarda/.brew/bin:/usr/local/bin:/usr/bin:/bin:/usr/sbin:/sbin:/usr/local/munki:/Library/Apple/usr/bin:/Users/msarda/.brew/bin$PATHUYS
Minishell$ echo $""HOME
$HOME
Minishell$ echo $''HOME
''HOME
Minishell$ echo ''$HOME // done
Minishell$ echo -$nnn
-
Minishell$ echo "'$'"
''
Minishell$ echo "'$HOME'"
'/Users/msarda'
Minishell$ echo '$HOME'
$HOME
Minishell$ echo '"$HOME"'
"$HOME"
Minishell$ echo ''$HOME
''/Users/msarda
Minishell$ echo $HOME''
/Users/msarda''
Minishell$ echo ""$HOME
/Users/msarda
Minishell$ echo $HOME""
/Users/msarda
Minishell$ echo $HOM''E
''E
Minishell$ echo $HOM-E
-E
Minishell$ echo $HOM√E
xf�
Minishell$ echo $HOME√
/Users/msard�xf
Minishell$ echo $√
xf
Minishell$ echo $g√
xf
Minishell$ echo ----
----
Minishell$ echo "-nnnn "
-nnnn 
Minishell$ echo  "   -nnnn"
   -nnnn
Minishell$ echo  "-nnnn"
Minishell$ echo  "-nnnn" "    "
    Minishell$ echo  "-nnnn" ""
Minishell$ echo  ""

Minishell$ echo "-nn-"
Minishell$ echo -n $g $g $g $HOME
----

Minishell$ export $a='$a'
Minishell$ echo $a

Minishell$ echo $a
Minishell$ export a='$a'
Minishell$ echo $a
$a
Minishell$ export a="$a"
Minishell$ echo $a
=$a
Minishell$ echo $a
=$a
Minishell$ echo $a
=$a
Minishell$ export a="coco"
Minishell$ echo $a
=coco
Minishell$ clear
TERM environment variable not set.
Minishell$ clear
TERM environment variable not set.
Minishell$ export _coco=coco
Minishell$ export 0coco=coco

///
done
- export 0coco=coco
- export $a='$a'

- export a="$a"
Minishell$ echo $a
=$a
exit
run
//


//
Minishell$ unset HOME
Minishell$ cd
[1]    49238 segmentation fault  ./minishell


ls > $dsds
bash: $dsds: ambiguous redirect



//

bash-3.2$ export "" test=a
bash: export: `': not a valid identifier
bash-3.2$ echo $test
a
bash-3.2$ 


----------------------------

Minishell$ export "" test=a
Minishell$ export: `': not a valid identifier
Minishell$ echo $test

Minishell$ 

///
bash-3.2$ > $A
bash: $A: ambiguous redirect
bash-3.2$ export a="a b"
bash-3.2$ > $a
bash: $a: ambiguous redirect


# Minishell$ export A="ls 4"
# Minishell$ export b=$A
# Minishell$ syntax error near unexpected token
# Minishell$ export b=ls 4


# -a=1
# Minishell$ export -a=1

# bash-3.2$ unset HOME
# bash-3.2$ cd
# bash: cd: HOME not set
# bash-3.2$ cd Parsing/



exit -1     ==== -1 + 256
exit 257     ==== 257 % 256



bash-3.2$ > $gdfgdf
bash: $gdfgdf: ambiguous redirect

bash-3.2$ export a="a b"
bash-3.2$ > $a
bash: $a: ambiguous redirect



handle ft_handle_herd in syntex error
`
